// Jest Snapshot v1, https://goo.gl/fbAQLP

exports[`Card should match the snapshot when rendered 1`] = `
ShallowWrapper {
  "length": 1,
  Symbol(enzyme.__root__): [Circular],
  Symbol(enzyme.__unrendered__): <Unknown
    average={7.5}
    id={284053}
    image="/rzRwTcFvttcN1ZpX2xv4j3tSdJu.jpg"
    overview="Thor is on the other side of the universe and finds himself in a race against time to get back to Asgard to stop Ragnarok, the prophecy of destruction to his homeworld and the end of Asgardian civilization, at the hands of an all-powerful new threat, the ruthless Hela."
    title="Thor: Ragnarok"
/>,
  Symbol(enzyme.__renderer__): Object {
    "batchedUpdates": [Function],
    "getNode": [Function],
    "render": [Function],
    "simulateEvent": [Function],
    "unmount": [Function],
  },
  Symbol(enzyme.__node__): Object {
    "instance": null,
    "key": undefined,
    "nodeType": "host",
    "props": Object {
      "children": Array [
        <div
          onClick={[Function]}
>
          ♡
</div>,
        <img
          alt="Movie poster for Thor: Ragnarok"
          className="card__image"
          src="https://image.tmdb.org/t/p/w600_and_h900_bestv2//rzRwTcFvttcN1ZpX2xv4j3tSdJu.jpg"
/>,
        <h2
          className="card__title"
>
          Thor: Ragnarok
</h2>,
        <h4
          className="card__avg"
>
          Viewer Average: 
          7.5
</h4>,
        <p
          className="card__overview"
>
          Thor is on the other side of the universe and finds himself in a race against time to get back to Asgard to stop Ragnarok, the prophecy of destruction to his homeworld and the end of Asgardian civilization, at the hands of an all-powerful new threat, the ruthless Hela.
</p>,
      ],
      "className": "card",
      "id": 284053,
    },
    "ref": null,
    "rendered": Array [
      Object {
        "instance": null,
        "key": undefined,
        "nodeType": "host",
        "props": Object {
          "children": "♡",
          "onClick": [Function],
        },
        "ref": null,
        "rendered": "♡",
        "type": "div",
      },
      Object {
        "instance": null,
        "key": undefined,
        "nodeType": "host",
        "props": Object {
          "alt": "Movie poster for Thor: Ragnarok",
          "className": "card__image",
          "src": "https://image.tmdb.org/t/p/w600_and_h900_bestv2//rzRwTcFvttcN1ZpX2xv4j3tSdJu.jpg",
        },
        "ref": null,
        "rendered": null,
        "type": "img",
      },
      Object {
        "instance": null,
        "key": undefined,
        "nodeType": "host",
        "props": Object {
          "children": "Thor: Ragnarok",
          "className": "card__title",
        },
        "ref": null,
        "rendered": "Thor: Ragnarok",
        "type": "h2",
      },
      Object {
        "instance": null,
        "key": undefined,
        "nodeType": "host",
        "props": Object {
          "children": Array [
            "Viewer Average: ",
            7.5,
          ],
          "className": "card__avg",
        },
        "ref": null,
        "rendered": Array [
          "Viewer Average: ",
          7.5,
        ],
        "type": "h4",
      },
      Object {
        "instance": null,
        "key": undefined,
        "nodeType": "host",
        "props": Object {
          "children": "Thor is on the other side of the universe and finds himself in a race against time to get back to Asgard to stop Ragnarok, the prophecy of destruction to his homeworld and the end of Asgardian civilization, at the hands of an all-powerful new threat, the ruthless Hela.",
          "className": "card__overview",
        },
        "ref": null,
        "rendered": "Thor is on the other side of the universe and finds himself in a race against time to get back to Asgard to stop Ragnarok, the prophecy of destruction to his homeworld and the end of Asgardian civilization, at the hands of an all-powerful new threat, the ruthless Hela.",
        "type": "p",
      },
    ],
    "type": "div",
  },
  Symbol(enzyme.__nodes__): Array [
    Object {
      "instance": null,
      "key": undefined,
      "nodeType": "host",
      "props": Object {
        "children": Array [
          <div
            onClick={[Function]}
>
            ♡
</div>,
          <img
            alt="Movie poster for Thor: Ragnarok"
            className="card__image"
            src="https://image.tmdb.org/t/p/w600_and_h900_bestv2//rzRwTcFvttcN1ZpX2xv4j3tSdJu.jpg"
/>,
          <h2
            className="card__title"
>
            Thor: Ragnarok
</h2>,
          <h4
            className="card__avg"
>
            Viewer Average: 
            7.5
</h4>,
          <p
            className="card__overview"
>
            Thor is on the other side of the universe and finds himself in a race against time to get back to Asgard to stop Ragnarok, the prophecy of destruction to his homeworld and the end of Asgardian civilization, at the hands of an all-powerful new threat, the ruthless Hela.
</p>,
        ],
        "className": "card",
        "id": 284053,
      },
      "ref": null,
      "rendered": Array [
        Object {
          "instance": null,
          "key": undefined,
          "nodeType": "host",
          "props": Object {
            "children": "♡",
            "onClick": [Function],
          },
          "ref": null,
          "rendered": "♡",
          "type": "div",
        },
        Object {
          "instance": null,
          "key": undefined,
          "nodeType": "host",
          "props": Object {
            "alt": "Movie poster for Thor: Ragnarok",
            "className": "card__image",
            "src": "https://image.tmdb.org/t/p/w600_and_h900_bestv2//rzRwTcFvttcN1ZpX2xv4j3tSdJu.jpg",
          },
          "ref": null,
          "rendered": null,
          "type": "img",
        },
        Object {
          "instance": null,
          "key": undefined,
          "nodeType": "host",
          "props": Object {
            "children": "Thor: Ragnarok",
            "className": "card__title",
          },
          "ref": null,
          "rendered": "Thor: Ragnarok",
          "type": "h2",
        },
        Object {
          "instance": null,
          "key": undefined,
          "nodeType": "host",
          "props": Object {
            "children": Array [
              "Viewer Average: ",
              7.5,
            ],
            "className": "card__avg",
          },
          "ref": null,
          "rendered": Array [
            "Viewer Average: ",
            7.5,
          ],
          "type": "h4",
        },
        Object {
          "instance": null,
          "key": undefined,
          "nodeType": "host",
          "props": Object {
            "children": "Thor is on the other side of the universe and finds himself in a race against time to get back to Asgard to stop Ragnarok, the prophecy of destruction to his homeworld and the end of Asgardian civilization, at the hands of an all-powerful new threat, the ruthless Hela.",
            "className": "card__overview",
          },
          "ref": null,
          "rendered": "Thor is on the other side of the universe and finds himself in a race against time to get back to Asgard to stop Ragnarok, the prophecy of destruction to his homeworld and the end of Asgardian civilization, at the hands of an all-powerful new threat, the ruthless Hela.",
          "type": "p",
        },
      ],
      "type": "div",
    },
  ],
  Symbol(enzyme.__options__): Object {
    "adapter": ReactSixteenAdapter {
      "options": Object {
        "enableComponentDidUpdateOnSetState": true,
      },
    },
    "disableLifecycleMethods": true,
  },
}
`;
