// Jest Snapshot v1, https://goo.gl/fbAQLP

exports[`Home Home renders without crashing 1`] = `
ShallowWrapper {
  "length": 1,
  Symbol(enzyme.__root__): [Circular],
  Symbol(enzyme.__unrendered__): <Home
    initialFetchData={[Function]}
    movies={
        Array [
            Object {
              "average": 7.5,
              "id": 284053,
              "image": "/rzRwTcFvttcN1ZpX2xv4j3tSdJu.jpg",
              "overview": "Thor is on the other side of the universe and finds himself in a race against time to get back to Asgard to stop Ragnarok, the prophecy of destruction to his homeworld and the end of Asgardian civilization, at the hands of an all-powerful new threat, the ruthless Hela.",
              "title": "Thor: Ragnarok",
            },
          ]
    }
    userId={1}
/>,
  Symbol(enzyme.__renderer__): Object {
    "batchedUpdates": [Function],
    "getNode": [Function],
    "render": [Function],
    "simulateEvent": [Function],
    "unmount": [Function],
  },
  Symbol(enzyme.__node__): Object {
    "instance": null,
    "key": undefined,
    "nodeType": "host",
    "props": Object {
      "children": Array [
        <Card
          movie={
                    Object {
                              "average": 7.5,
                              "id": 284053,
                              "image": "/rzRwTcFvttcN1ZpX2xv4j3tSdJu.jpg",
                              "overview": "Thor is on the other side of the universe and finds himself in a race against time to get back to Asgard to stop Ragnarok, the prophecy of destruction to his homeworld and the end of Asgardian civilization, at the hands of an all-powerful new threat, the ruthless Hela.",
                              "title": "Thor: Ragnarok",
                            }
          }
          toggleFavorite={[Function]}
          userId={1}
/>,
      ],
      "className": "home-container",
    },
    "ref": null,
    "rendered": Array [
      Object {
        "instance": null,
        "key": "284053",
        "nodeType": "function",
        "props": Object {
          "movie": Object {
            "average": 7.5,
            "id": 284053,
            "image": "/rzRwTcFvttcN1ZpX2xv4j3tSdJu.jpg",
            "overview": "Thor is on the other side of the universe and finds himself in a race against time to get back to Asgard to stop Ragnarok, the prophecy of destruction to his homeworld and the end of Asgardian civilization, at the hands of an all-powerful new threat, the ruthless Hela.",
            "title": "Thor: Ragnarok",
          },
          "toggleFavorite": [Function],
          "userId": 1,
        },
        "ref": null,
        "rendered": null,
        "type": [Function],
      },
    ],
    "type": "div",
  },
  Symbol(enzyme.__nodes__): Array [
    Object {
      "instance": null,
      "key": undefined,
      "nodeType": "host",
      "props": Object {
        "children": Array [
          <Card
            movie={
                        Object {
                                    "average": 7.5,
                                    "id": 284053,
                                    "image": "/rzRwTcFvttcN1ZpX2xv4j3tSdJu.jpg",
                                    "overview": "Thor is on the other side of the universe and finds himself in a race against time to get back to Asgard to stop Ragnarok, the prophecy of destruction to his homeworld and the end of Asgardian civilization, at the hands of an all-powerful new threat, the ruthless Hela.",
                                    "title": "Thor: Ragnarok",
                                  }
            }
            toggleFavorite={[Function]}
            userId={1}
/>,
        ],
        "className": "home-container",
      },
      "ref": null,
      "rendered": Array [
        Object {
          "instance": null,
          "key": "284053",
          "nodeType": "function",
          "props": Object {
            "movie": Object {
              "average": 7.5,
              "id": 284053,
              "image": "/rzRwTcFvttcN1ZpX2xv4j3tSdJu.jpg",
              "overview": "Thor is on the other side of the universe and finds himself in a race against time to get back to Asgard to stop Ragnarok, the prophecy of destruction to his homeworld and the end of Asgardian civilization, at the hands of an all-powerful new threat, the ruthless Hela.",
              "title": "Thor: Ragnarok",
            },
            "toggleFavorite": [Function],
            "userId": 1,
          },
          "ref": null,
          "rendered": null,
          "type": [Function],
        },
      ],
      "type": "div",
    },
  ],
  Symbol(enzyme.__options__): Object {
    "adapter": ReactSixteenAdapter {
      "options": Object {
        "enableComponentDidUpdateOnSetState": true,
      },
    },
    "disableLifecycleMethods": true,
  },
}
`;
